---
http_interactions:
- request:
    method: get
    uri: http://localhost:5000/api/v1/users/1
    body:
      encoding: US-ASCII
      string: ''
    headers:
      User-Agent:
      - Faraday v2.3.0
      Accept-Encoding:
      - gzip;q=1.0,deflate;q=0.6,identity;q=0.3
      Accept:
      - "*/*"
  response:
    status:
      code: 200
      message: OK
    headers:
      Content-Type:
      - application/json; charset=utf-8
      Etag:
      - W/"61d32510e6b2135913e844e945e43a92"
      Cache-Control:
      - max-age=0, private, must-revalidate
      X-Request-Id:
      - 346ae5dd-fbbe-4b0c-9828-410af10e117c
      X-Runtime:
      - '0.001750'
      Transfer-Encoding:
      - chunked
    body:
      encoding: UTF-8
      string: '{"data":{"id":"1","type":"user","attributes":{"first_name":"something","last_name":"this","email":"email@email.com"}}}'
  recorded_at: Mon, 06 Jun 2022 20:06:50 GMT
- request:
    method: get
    uri: http://localhost:5000/api/v1/users/1/items/
    body:
      encoding: US-ASCII
      string: ''
    headers:
      User-Agent:
      - Faraday v2.3.0
      Accept-Encoding:
      - gzip;q=1.0,deflate;q=0.6,identity;q=0.3
      Accept:
      - "*/*"
  response:
    status:
      code: 200
      message: OK
    headers:
      Content-Type:
      - application/json; charset=utf-8
      Etag:
      - W/"9ae2cc2b3453c7f41d299c566a36e679"
      Cache-Control:
      - max-age=0, private, must-revalidate
      X-Request-Id:
      - 858d3aec-939e-459c-a155-5b10f82115d6
      X-Runtime:
      - '0.002337'
      Transfer-Encoding:
      - chunked
    body:
      encoding: UTF-8
      string: '{"data":[{"id":"1","type":"item","attributes":{"name":"Water Bottle","description":null,"count":5,"category":0,"user_id":1}},{"id":"2","type":"item","attributes":{"name":"Trail
        Mix","description":"My Favorite Trail Mix","count":8,"category":0,"user_id":1}},{"id":"5","type":"item","attributes":{"name":"Tent
        1","description":"1 person Tent","count":1,"category":0,"user_id":1}}]}'
  recorded_at: Mon, 06 Jun 2022 20:06:50 GMT
- request:
    method: get
    uri: http://localhost:5000/api/v1/users/1/trips
    body:
      encoding: US-ASCII
      string: ''
    headers:
      User-Agent:
      - Faraday v2.3.0
      Accept-Encoding:
      - gzip;q=1.0,deflate;q=0.6,identity;q=0.3
      Accept:
      - "*/*"
  response:
    status:
      code: 200
      message: OK
    headers:
      Content-Type:
      - application/json; charset=utf-8
      Etag:
      - W/"89ad45b9f60190fb349c248e3a8c41fd"
      Cache-Control:
      - max-age=0, private, must-revalidate
      X-Request-Id:
      - b46147ea-65e8-4592-89ee-972b993b0c49
      X-Runtime:
      - '0.002921'
      Transfer-Encoding:
      - chunked
    body:
      encoding: UTF-8
      string: '{"data":[{"id":"1","type":"trip","attributes":{"name":"first trip","area_id":1,"description":"baby''s
        first trip","host_id":1,"start_date":"2022-06-06","end_date":"2022-06-07"}},{"id":"2","type":"trip","attributes":{"name":"boo
        boo trip","area_id":1,"description":"trip I guess","host_id":3,"start_date":"2022-06-06","end_date":"2022-06-07"}}]}'
  recorded_at: Mon, 06 Jun 2022 20:06:50 GMT
- request:
    method: get
    uri: http://localhost:5000/api/v1/users/1/items/2
    body:
      encoding: US-ASCII
      string: ''
    headers:
      User-Agent:
      - Faraday v2.3.0
      Accept-Encoding:
      - gzip;q=1.0,deflate;q=0.6,identity;q=0.3
      Accept:
      - "*/*"
  response:
    status:
      code: 200
      message: OK
    headers:
      Content-Type:
      - application/json; charset=utf-8
      Etag:
      - W/"3ec79ce45dccb1ea789379065db3ac19"
      Cache-Control:
      - max-age=0, private, must-revalidate
      X-Request-Id:
      - 2da5a926-62bb-43a2-a9ea-564de7bfbf5b
      X-Runtime:
      - '0.132160'
      Transfer-Encoding:
      - chunked
    body:
      encoding: UTF-8
      string: '{"data":{"id":"2","type":"item","attributes":{"name":"Trail Mix","description":"My
        Favorite Trail Mix","count":8,"category":0,"user_id":1}}}'
  recorded_at: Mon, 06 Jun 2022 20:06:50 GMT
- request:
    method: get
    uri: http://localhost:5000/api/v1/users/1
    body:
      encoding: US-ASCII
      string: ''
    headers:
      User-Agent:
      - Faraday v2.3.0
      Accept-Encoding:
      - gzip;q=1.0,deflate;q=0.6,identity;q=0.3
      Accept:
      - "*/*"
  response:
    status:
      code: 200
      message: OK
    headers:
      Content-Type:
      - application/json; charset=utf-8
      Etag:
      - W/"61d32510e6b2135913e844e945e43a92"
      Cache-Control:
      - max-age=0, private, must-revalidate
      X-Request-Id:
      - 707ddf51-e67c-4cf5-beb9-a99700f276e0
      X-Runtime:
      - '0.003394'
      Transfer-Encoding:
      - chunked
    body:
      encoding: UTF-8
      string: '{"data":{"id":"1","type":"user","attributes":{"first_name":"something","last_name":"this","email":"email@email.com"}}}'
  recorded_at: Mon, 06 Jun 2022 20:06:50 GMT
recorded_with: VCR 6.1.0
