---
http_interactions:
- request:
    method: get
    uri: https://gear-up-be.herokuapp.com/api/v1/users/1
    body:
      encoding: US-ASCII
      string: ''
    headers:
      User-Agent:
      - Faraday v2.3.0
      Accept-Encoding:
      - gzip;q=1.0,deflate;q=0.6,identity;q=0.3
      Accept:
      - "*/*"
  response:
    status:
      code: 200
      message: OK
    headers:
      Server:
      - Cowboy
      Date:
      - Sun, 05 Jun 2022 05:03:43 GMT
      Connection:
      - keep-alive
      Content-Type:
      - application/json; charset=utf-8
      Etag:
      - W/"61d32510e6b2135913e844e945e43a92"
      Cache-Control:
      - max-age=0, private, must-revalidate
      X-Request-Id:
      - 40d1f935-0acd-448d-b268-dd16d3413586
      X-Runtime:
      - '0.003587'
      Transfer-Encoding:
      - chunked
      Via:
      - 1.1 vegur
    body:
      encoding: UTF-8
      string: '{"data":{"id":"1","type":"user","attributes":{"first_name":"something","last_name":"this","email":"email@email.com"}}}'
  recorded_at: Sun, 05 Jun 2022 05:03:43 GMT
- request:
    method: get
    uri: https://gear-up-be.herokuapp.com/api/v1/users/1/items/
    body:
      encoding: US-ASCII
      string: ''
    headers:
      User-Agent:
      - Faraday v2.3.0
      Accept-Encoding:
      - gzip;q=1.0,deflate;q=0.6,identity;q=0.3
      Accept:
      - "*/*"
  response:
    status:
      code: 200
      message: OK
    headers:
      Server:
      - Cowboy
      Date:
      - Sun, 05 Jun 2022 05:03:44 GMT
      Connection:
      - keep-alive
      Content-Type:
      - application/json; charset=utf-8
      Etag:
      - W/"ad85dac03088b1cb2a16ef663958c45b"
      Cache-Control:
      - max-age=0, private, must-revalidate
      X-Request-Id:
      - f51a694e-4e53-4d39-b2e9-1df710150f55
      X-Runtime:
      - '0.003844'
      Transfer-Encoding:
      - chunked
      Via:
      - 1.1 vegur
    body:
      encoding: UTF-8
      string: '{"data":[{"id":"2","type":"item","attributes":{"name":"Trail Mix","description":"My
        Favorite Trail Mix","count":8,"category":1,"user_id":1}}]}'
  recorded_at: Sun, 05 Jun 2022 05:03:44 GMT
- request:
    method: get
    uri: https://gear-up-be.herokuapp.com/api/v1/users/1/trips
    body:
      encoding: US-ASCII
      string: ''
    headers:
      User-Agent:
      - Faraday v2.3.0
      Accept-Encoding:
      - gzip;q=1.0,deflate;q=0.6,identity;q=0.3
      Accept:
      - "*/*"
  response:
    status:
      code: 200
      message: OK
    headers:
      Server:
      - Cowboy
      Date:
      - Sun, 05 Jun 2022 05:03:44 GMT
      Connection:
      - keep-alive
      Content-Type:
      - application/json; charset=utf-8
      Etag:
      - W/"f5dcc8e36b9404ac29af8c7e1dd3dc50"
      Cache-Control:
      - max-age=0, private, must-revalidate
      X-Request-Id:
      - 017a36fc-c87b-4616-98ff-e7bebd549050
      X-Runtime:
      - '0.004573'
      Transfer-Encoding:
      - chunked
      Via:
      - 1.1 vegur
    body:
      encoding: UTF-8
      string: '{"data":[{"id":"1","type":"trip","attributes":{"name":"first trip","area_id":33912,"description":"baby''s
        first trip","host_id":1,"start_date":"2022-06-04","end_date":"2022-06-05"}},{"id":"2","type":"trip","attributes":{"name":"boo
        boo trip","area_id":33912,"description":"trip I guess","host_id":3,"start_date":"2022-06-04","end_date":"2022-06-05"}}]}'
  recorded_at: Sun, 05 Jun 2022 05:03:44 GMT
- request:
    method: get
    uri: https://gear-up-be.herokuapp.com/api/v1/users/1/items/2
    body:
      encoding: US-ASCII
      string: ''
    headers:
      User-Agent:
      - Faraday v2.3.0
      Accept-Encoding:
      - gzip;q=1.0,deflate;q=0.6,identity;q=0.3
      Accept:
      - "*/*"
  response:
    status:
      code: 200
      message: OK
    headers:
      Server:
      - Cowboy
      Date:
      - Sun, 05 Jun 2022 05:03:44 GMT
      Connection:
      - keep-alive
      Content-Type:
      - application/json; charset=utf-8
      Etag:
      - W/"0bf33ff72f88c30c92e629a848a140cc"
      Cache-Control:
      - max-age=0, private, must-revalidate
      X-Request-Id:
      - 1a9b36df-b730-4aec-b084-2fb917fe8491
      X-Runtime:
      - '0.004610'
      Transfer-Encoding:
      - chunked
      Via:
      - 1.1 vegur
    body:
      encoding: UTF-8
      string: '{"data":{"id":"2","type":"item","attributes":{"name":"Trail Mix","description":"My
        Favorite Trail Mix","count":8,"category":1,"user_id":1}}}'
  recorded_at: Sun, 05 Jun 2022 05:03:44 GMT
- request:
    method: get
    uri: https://gear-up-be.herokuapp.com/api/v1/users/1
    body:
      encoding: US-ASCII
      string: ''
    headers:
      User-Agent:
      - Faraday v2.3.0
      Accept-Encoding:
      - gzip;q=1.0,deflate;q=0.6,identity;q=0.3
      Accept:
      - "*/*"
  response:
    status:
      code: 200
      message: OK
    headers:
      Server:
      - Cowboy
      Date:
      - Sun, 05 Jun 2022 05:03:44 GMT
      Connection:
      - keep-alive
      Content-Type:
      - application/json; charset=utf-8
      Etag:
      - W/"61d32510e6b2135913e844e945e43a92"
      Cache-Control:
      - max-age=0, private, must-revalidate
      X-Request-Id:
      - 7825fa5e-996c-42f0-80d1-158901f06b50
      X-Runtime:
      - '0.003377'
      Transfer-Encoding:
      - chunked
      Via:
      - 1.1 vegur
    body:
      encoding: UTF-8
      string: '{"data":{"id":"1","type":"user","attributes":{"first_name":"something","last_name":"this","email":"email@email.com"}}}'
  recorded_at: Sun, 05 Jun 2022 05:03:45 GMT
- request:
    method: patch
    uri: https://gear-up-be.herokuapp.com/api/v1/users/1/items/2
    body:
      encoding: UTF-8
      string: '{"name":"Trail Mix","description":"My Favorite Trail Mix","count":"8","category":"1","user_id":"1"}'
    headers:
      User-Agent:
      - Faraday v2.3.0
      Content-Type:
      - application/json
      Accept-Encoding:
      - gzip;q=1.0,deflate;q=0.6,identity;q=0.3
      Accept:
      - "*/*"
  response:
    status:
      code: 201
      message: Created
    headers:
      Server:
      - Cowboy
      Date:
      - Sun, 05 Jun 2022 05:03:45 GMT
      Connection:
      - keep-alive
      Content-Type:
      - application/json; charset=utf-8
      Etag:
      - W/"0bf33ff72f88c30c92e629a848a140cc"
      Cache-Control:
      - max-age=0, private, must-revalidate
      X-Request-Id:
      - a42e0d0b-aa2e-4381-a1ea-389c129ced69
      X-Runtime:
      - '0.008856'
      Transfer-Encoding:
      - chunked
      Via:
      - 1.1 vegur
    body:
      encoding: UTF-8
      string: '{"data":{"id":"2","type":"item","attributes":{"name":"Trail Mix","description":"My
        Favorite Trail Mix","count":8,"category":1,"user_id":1}}}'
  recorded_at: Sun, 05 Jun 2022 05:03:45 GMT
- request:
    method: get
    uri: https://gear-up-be.herokuapp.com/api/v1/users/1/items/2
    body:
      encoding: US-ASCII
      string: ''
    headers:
      User-Agent:
      - Faraday v2.3.0
      Accept-Encoding:
      - gzip;q=1.0,deflate;q=0.6,identity;q=0.3
      Accept:
      - "*/*"
  response:
    status:
      code: 200
      message: OK
    headers:
      Server:
      - Cowboy
      Date:
      - Sun, 05 Jun 2022 05:03:45 GMT
      Connection:
      - keep-alive
      Content-Type:
      - application/json; charset=utf-8
      Etag:
      - W/"0bf33ff72f88c30c92e629a848a140cc"
      Cache-Control:
      - max-age=0, private, must-revalidate
      X-Request-Id:
      - 83e33f6d-8e9e-4495-bba7-0241a831a920
      X-Runtime:
      - '0.003983'
      Transfer-Encoding:
      - chunked
      Via:
      - 1.1 vegur
    body:
      encoding: UTF-8
      string: '{"data":{"id":"2","type":"item","attributes":{"name":"Trail Mix","description":"My
        Favorite Trail Mix","count":8,"category":1,"user_id":1}}}'
  recorded_at: Sun, 05 Jun 2022 05:03:45 GMT
recorded_with: VCR 6.1.0
