---
http_interactions:
- request:
    method: post
    uri: http://localhost:5000/api/v1/users
    body:
      encoding: UTF-8
      string: '{"first_name":"Pickles","last_name":"McTickles","email":"dilllord@dills.org"}'
    headers:
      User-Agent:
      - Faraday v2.3.0
      Content-Type:
      - application/json
      Accept-Encoding:
      - gzip;q=1.0,deflate;q=0.6,identity;q=0.3
      Accept:
      - "*/*"
  response:
    status:
      code: 200
      message: OK
    headers:
      Content-Type:
      - application/json; charset=utf-8
      Etag:
      - W/"ce0f55569ad2f76de54fb8414bbf846b"
      Cache-Control:
      - max-age=0, private, must-revalidate
      X-Request-Id:
      - 6ce99fae-8834-4e6b-b01c-a49b08c8efdd
      X-Runtime:
      - '0.015083'
      Transfer-Encoding:
      - chunked
    body:
      encoding: UTF-8
      string: '{"data":{"id":"4","type":"user","attributes":{"first_name":"Pickles","last_name":"McTickles","email":"dilllord@dills.org"}}}'
  recorded_at: Tue, 07 Jun 2022 19:39:49 GMT
- request:
    method: get
    uri: http://localhost:5000/api/v1/users/4
    body:
      encoding: US-ASCII
      string: ''
    headers:
      User-Agent:
      - Faraday v2.3.0
      Accept-Encoding:
      - gzip;q=1.0,deflate;q=0.6,identity;q=0.3
      Accept:
      - "*/*"
  response:
    status:
      code: 200
      message: OK
    headers:
      Content-Type:
      - application/json; charset=utf-8
      Etag:
      - W/"ce0f55569ad2f76de54fb8414bbf846b"
      Cache-Control:
      - max-age=0, private, must-revalidate
      X-Request-Id:
      - e1eb1440-07ef-41df-8a5a-7dc83c1b052f
      X-Runtime:
      - '0.001624'
      Transfer-Encoding:
      - chunked
    body:
      encoding: UTF-8
      string: '{"data":{"id":"4","type":"user","attributes":{"first_name":"Pickles","last_name":"McTickles","email":"dilllord@dills.org"}}}'
  recorded_at: Tue, 07 Jun 2022 19:39:49 GMT
- request:
    method: get
    uri: http://localhost:5000/api/v1/users/4/items/
    body:
      encoding: US-ASCII
      string: ''
    headers:
      User-Agent:
      - Faraday v2.3.0
      Accept-Encoding:
      - gzip;q=1.0,deflate;q=0.6,identity;q=0.3
      Accept:
      - "*/*"
  response:
    status:
      code: 200
      message: OK
    headers:
      Content-Type:
      - application/json; charset=utf-8
      Etag:
      - W/"8fe32e407a1038ee38753b70e5374b3a"
      Cache-Control:
      - max-age=0, private, must-revalidate
      X-Request-Id:
      - ec1f1b46-0a4b-4aa3-afc8-2a0441b80487
      X-Runtime:
      - '0.002149'
      Transfer-Encoding:
      - chunked
    body:
      encoding: UTF-8
      string: '{"data":[]}'
  recorded_at: Tue, 07 Jun 2022 19:39:49 GMT
- request:
    method: get
    uri: http://localhost:5000/api/v1/users/4/trips
    body:
      encoding: US-ASCII
      string: ''
    headers:
      User-Agent:
      - Faraday v2.3.0
      Accept-Encoding:
      - gzip;q=1.0,deflate;q=0.6,identity;q=0.3
      Accept:
      - "*/*"
  response:
    status:
      code: 200
      message: OK
    headers:
      Content-Type:
      - application/json; charset=utf-8
      Etag:
      - W/"8fe32e407a1038ee38753b70e5374b3a"
      Cache-Control:
      - max-age=0, private, must-revalidate
      X-Request-Id:
      - 233011c0-6564-4c63-bd99-28eeacf9a37b
      X-Runtime:
      - '0.002619'
      Transfer-Encoding:
      - chunked
    body:
      encoding: UTF-8
      string: '{"data":[]}'
  recorded_at: Tue, 07 Jun 2022 19:39:49 GMT
- request:
    method: get
    uri: http://localhost:5000/api/v1/users/4/trips
    body:
      encoding: US-ASCII
      string: ''
    headers:
      User-Agent:
      - Faraday v2.3.0
      Accept-Encoding:
      - gzip;q=1.0,deflate;q=0.6,identity;q=0.3
      Accept:
      - "*/*"
  response:
    status:
      code: 200
      message: OK
    headers:
      Content-Type:
      - application/json; charset=utf-8
      Etag:
      - W/"8fe32e407a1038ee38753b70e5374b3a"
      Cache-Control:
      - max-age=0, private, must-revalidate
      X-Request-Id:
      - cf0d9c9f-78f8-4cff-8d98-df9b4582f3fc
      X-Runtime:
      - '0.001811'
      Transfer-Encoding:
      - chunked
    body:
      encoding: UTF-8
      string: '{"data":[]}'
  recorded_at: Tue, 07 Jun 2022 19:39:50 GMT
recorded_with: VCR 6.1.0
