---
http_interactions:
- request:
    method: get
    uri: http://localhost:5000/api/v1/users/1
    body:
      encoding: US-ASCII
      string: ''
    headers:
      User-Agent:
      - Faraday v2.3.0
      Accept-Encoding:
      - gzip;q=1.0,deflate;q=0.6,identity;q=0.3
      Accept:
      - "*/*"
  response:
    status:
      code: 200
      message: OK
    headers:
      Content-Type:
      - application/json; charset=utf-8
      Etag:
      - W/"61d32510e6b2135913e844e945e43a92"
      Cache-Control:
      - max-age=0, private, must-revalidate
      X-Request-Id:
      - 3743c580-10c3-4374-b36e-dfa0dfa16f1a
      X-Runtime:
      - '0.001548'
      Transfer-Encoding:
      - chunked
    body:
      encoding: UTF-8
      string: '{"data":{"id":"1","type":"user","attributes":{"first_name":"something","last_name":"this","email":"email@email.com"}}}'
  recorded_at: Mon, 06 Jun 2022 20:06:51 GMT
- request:
    method: get
    uri: http://localhost:5000/api/v1/users/1/items/
    body:
      encoding: US-ASCII
      string: ''
    headers:
      User-Agent:
      - Faraday v2.3.0
      Accept-Encoding:
      - gzip;q=1.0,deflate;q=0.6,identity;q=0.3
      Accept:
      - "*/*"
  response:
    status:
      code: 200
      message: OK
    headers:
      Content-Type:
      - application/json; charset=utf-8
      Etag:
      - W/"ab62c8784a298ec211896513e6d10bbc"
      Cache-Control:
      - max-age=0, private, must-revalidate
      X-Request-Id:
      - e10a8f3a-cf63-47a6-acb9-fa2601c499d2
      X-Runtime:
      - '0.001450'
      Transfer-Encoding:
      - chunked
    body:
      encoding: UTF-8
      string: '{"data":[{"id":"1","type":"item","attributes":{"name":"Water Bottle","description":null,"count":5,"category":0,"user_id":1}},{"id":"2","type":"item","attributes":{"name":"Trail
        Mix","description":"My Favorite Trail Mix","count":8,"category":0,"user_id":1}},{"id":"5","type":"item","attributes":{"name":"Tent
        1","description":"1 person Tent","count":1,"category":0,"user_id":1}},{"id":"6","type":"item","attributes":{"name":"Tent
        1","description":"1 person Tent","count":1,"category":0,"user_id":1}}]}'
  recorded_at: Mon, 06 Jun 2022 20:06:51 GMT
- request:
    method: get
    uri: http://localhost:5000/api/v1/users/1/trips
    body:
      encoding: US-ASCII
      string: ''
    headers:
      User-Agent:
      - Faraday v2.3.0
      Accept-Encoding:
      - gzip;q=1.0,deflate;q=0.6,identity;q=0.3
      Accept:
      - "*/*"
  response:
    status:
      code: 200
      message: OK
    headers:
      Content-Type:
      - application/json; charset=utf-8
      Etag:
      - W/"89ad45b9f60190fb349c248e3a8c41fd"
      Cache-Control:
      - max-age=0, private, must-revalidate
      X-Request-Id:
      - b1457333-3712-4665-b87d-32bb999372ce
      X-Runtime:
      - '0.001770'
      Transfer-Encoding:
      - chunked
    body:
      encoding: UTF-8
      string: '{"data":[{"id":"1","type":"trip","attributes":{"name":"first trip","area_id":1,"description":"baby''s
        first trip","host_id":1,"start_date":"2022-06-06","end_date":"2022-06-07"}},{"id":"2","type":"trip","attributes":{"name":"boo
        boo trip","area_id":1,"description":"trip I guess","host_id":3,"start_date":"2022-06-06","end_date":"2022-06-07"}}]}'
  recorded_at: Mon, 06 Jun 2022 20:06:51 GMT
- request:
    method: get
    uri: http://localhost:5000/api/v1/users/2/items/
    body:
      encoding: US-ASCII
      string: ''
    headers:
      User-Agent:
      - Faraday v2.3.0
      Accept-Encoding:
      - gzip;q=1.0,deflate;q=0.6,identity;q=0.3
      Accept:
      - "*/*"
  response:
    status:
      code: 200
      message: OK
    headers:
      Content-Type:
      - application/json; charset=utf-8
      Etag:
      - W/"b2bc357a45ca43911fa6a10670cf0f4e"
      Cache-Control:
      - max-age=0, private, must-revalidate
      X-Request-Id:
      - 2a501a58-df84-4fc9-a330-9a69f02894e0
      X-Runtime:
      - '0.001948'
      Transfer-Encoding:
      - chunked
    body:
      encoding: UTF-8
      string: '{"data":[{"id":"3","type":"item","attributes":{"name":"Good Socks","description":null,"count":3,"category":0,"user_id":2}},{"id":"4","type":"item","attributes":{"name":"Fancy
        Tent","description":null,"count":1,"category":0,"user_id":2}}]}'
  recorded_at: Mon, 06 Jun 2022 20:06:51 GMT
- request:
    method: get
    uri: http://localhost:5000/api/v1/users/2/items/3
    body:
      encoding: US-ASCII
      string: ''
    headers:
      User-Agent:
      - Faraday v2.3.0
      Accept-Encoding:
      - gzip;q=1.0,deflate;q=0.6,identity;q=0.3
      Accept:
      - "*/*"
  response:
    status:
      code: 200
      message: OK
    headers:
      Content-Type:
      - application/json; charset=utf-8
      Etag:
      - W/"e017b1b6e0c55258e40c0e077fab52db"
      Cache-Control:
      - max-age=0, private, must-revalidate
      X-Request-Id:
      - eeafa5ec-4717-42ab-9f6b-037ed71d5a29
      X-Runtime:
      - '0.001415'
      Transfer-Encoding:
      - chunked
    body:
      encoding: UTF-8
      string: '{"data":{"id":"3","type":"item","attributes":{"name":"Good Socks","description":null,"count":3,"category":0,"user_id":2}}}'
  recorded_at: Mon, 06 Jun 2022 20:06:51 GMT
recorded_with: VCR 6.1.0
