---
http_interactions:
- request:
    method: get
    uri: http://localhost:5000/api/v1/users/1
    body:
      encoding: US-ASCII
      string: ''
    headers:
      User-Agent:
      - Faraday v2.3.0
      Accept-Encoding:
      - gzip;q=1.0,deflate;q=0.6,identity;q=0.3
      Accept:
      - "*/*"
  response:
    status:
      code: 200
      message: OK
    headers:
      Content-Type:
      - application/json; charset=utf-8
      Etag:
      - W/"61d32510e6b2135913e844e945e43a92"
      Cache-Control:
      - max-age=0, private, must-revalidate
      X-Request-Id:
      - 6ecbbac2-728b-43f4-8a8a-c8cf76d6d7df
      X-Runtime:
      - '0.001458'
      Transfer-Encoding:
      - chunked
    body:
      encoding: UTF-8
      string: '{"data":{"id":"1","type":"user","attributes":{"first_name":"something","last_name":"this","email":"email@email.com"}}}'
  recorded_at: Mon, 06 Jun 2022 20:06:51 GMT
- request:
    method: get
    uri: http://localhost:5000/api/v1/users/1/items/
    body:
      encoding: US-ASCII
      string: ''
    headers:
      User-Agent:
      - Faraday v2.3.0
      Accept-Encoding:
      - gzip;q=1.0,deflate;q=0.6,identity;q=0.3
      Accept:
      - "*/*"
  response:
    status:
      code: 200
      message: OK
    headers:
      Content-Type:
      - application/json; charset=utf-8
      Etag:
      - W/"9ae2cc2b3453c7f41d299c566a36e679"
      Cache-Control:
      - max-age=0, private, must-revalidate
      X-Request-Id:
      - 71beff30-5046-44c2-90d2-a09fc6fd0bde
      X-Runtime:
      - '0.001594'
      Transfer-Encoding:
      - chunked
    body:
      encoding: UTF-8
      string: '{"data":[{"id":"1","type":"item","attributes":{"name":"Water Bottle","description":null,"count":5,"category":0,"user_id":1}},{"id":"2","type":"item","attributes":{"name":"Trail
        Mix","description":"My Favorite Trail Mix","count":8,"category":0,"user_id":1}},{"id":"5","type":"item","attributes":{"name":"Tent
        1","description":"1 person Tent","count":1,"category":0,"user_id":1}}]}'
  recorded_at: Mon, 06 Jun 2022 20:06:51 GMT
- request:
    method: get
    uri: http://localhost:5000/api/v1/users/1/trips
    body:
      encoding: US-ASCII
      string: ''
    headers:
      User-Agent:
      - Faraday v2.3.0
      Accept-Encoding:
      - gzip;q=1.0,deflate;q=0.6,identity;q=0.3
      Accept:
      - "*/*"
  response:
    status:
      code: 200
      message: OK
    headers:
      Content-Type:
      - application/json; charset=utf-8
      Etag:
      - W/"89ad45b9f60190fb349c248e3a8c41fd"
      Cache-Control:
      - max-age=0, private, must-revalidate
      X-Request-Id:
      - 88bbee7a-a2c6-4f51-84d4-041d1c4b330d
      X-Runtime:
      - '0.001839'
      Transfer-Encoding:
      - chunked
    body:
      encoding: UTF-8
      string: '{"data":[{"id":"1","type":"trip","attributes":{"name":"first trip","area_id":1,"description":"baby''s
        first trip","host_id":1,"start_date":"2022-06-06","end_date":"2022-06-07"}},{"id":"2","type":"trip","attributes":{"name":"boo
        boo trip","area_id":1,"description":"trip I guess","host_id":3,"start_date":"2022-06-06","end_date":"2022-06-07"}}]}'
  recorded_at: Mon, 06 Jun 2022 20:06:51 GMT
- request:
    method: get
    uri: http://localhost:5000/api/v1/users/1
    body:
      encoding: US-ASCII
      string: ''
    headers:
      User-Agent:
      - Faraday v2.3.0
      Accept-Encoding:
      - gzip;q=1.0,deflate;q=0.6,identity;q=0.3
      Accept:
      - "*/*"
  response:
    status:
      code: 200
      message: OK
    headers:
      Content-Type:
      - application/json; charset=utf-8
      Etag:
      - W/"61d32510e6b2135913e844e945e43a92"
      Cache-Control:
      - max-age=0, private, must-revalidate
      X-Request-Id:
      - 8335c7a4-d16d-4a9e-8ddf-d61600a82f5d
      X-Runtime:
      - '0.001454'
      Transfer-Encoding:
      - chunked
    body:
      encoding: UTF-8
      string: '{"data":{"id":"1","type":"user","attributes":{"first_name":"something","last_name":"this","email":"email@email.com"}}}'
  recorded_at: Mon, 06 Jun 2022 20:06:51 GMT
- request:
    method: post
    uri: http://localhost:5000/api/v1/users/1/items
    body:
      encoding: UTF-8
      string: '{"name":"Tent 1","description":"1 person Tent","count":"1","category":"0","user_id":"1"}'
    headers:
      User-Agent:
      - Faraday v2.3.0
      Content-Type:
      - application/json
      Accept-Encoding:
      - gzip;q=1.0,deflate;q=0.6,identity;q=0.3
      Accept:
      - "*/*"
  response:
    status:
      code: 201
      message: Created
    headers:
      Content-Type:
      - application/json; charset=utf-8
      Etag:
      - W/"958f11353d5afe9aec9ac873d467cf2a"
      Cache-Control:
      - max-age=0, private, must-revalidate
      X-Request-Id:
      - '0478ecac-d050-4b4f-bfe2-5c302d4d391a'
      X-Runtime:
      - '0.012890'
      Transfer-Encoding:
      - chunked
    body:
      encoding: UTF-8
      string: '{"data":{"id":"6","type":"item","attributes":{"name":"Tent 1","description":"1
        person Tent","count":1,"category":0,"user_id":1}}}'
  recorded_at: Mon, 06 Jun 2022 20:06:51 GMT
- request:
    method: get
    uri: http://localhost:5000/api/v1/users/1/items/6
    body:
      encoding: US-ASCII
      string: ''
    headers:
      User-Agent:
      - Faraday v2.3.0
      Accept-Encoding:
      - gzip;q=1.0,deflate;q=0.6,identity;q=0.3
      Accept:
      - "*/*"
  response:
    status:
      code: 200
      message: OK
    headers:
      Content-Type:
      - application/json; charset=utf-8
      Etag:
      - W/"958f11353d5afe9aec9ac873d467cf2a"
      Cache-Control:
      - max-age=0, private, must-revalidate
      X-Request-Id:
      - b1c63252-e5d2-409e-879b-f335eb6bf011
      X-Runtime:
      - '0.001596'
      Transfer-Encoding:
      - chunked
    body:
      encoding: UTF-8
      string: '{"data":{"id":"6","type":"item","attributes":{"name":"Tent 1","description":"1
        person Tent","count":1,"category":0,"user_id":1}}}'
  recorded_at: Mon, 06 Jun 2022 20:06:51 GMT
recorded_with: VCR 6.1.0
